[Compiler.result] size: 18
    def foo n : Syntax :=
      let _x.1 := Syntax.missing;
      let _x.2 := 1;
      let _x.3 := false;
      let _x.4 := @SourceInfo.fromRef _x.1 _x.3;
      let _x.5 := "UnhygienicMain";
      let _x.6 := Name.mkStr1 _x.5;
      let _x.7 := "term_+_";
      let _x.8 := Name.mkStr1 _x.7;
      let _x.9 := "a";
      let _x.10 := String.toSubstring' _x.9;
      let _x.11 := Name.mkStr1 _x.9;
      let _x.12 := addMacroScope _x.6 _x.11 _x.2;
      let _x.13 := [] _;
      let _x.14 := Syntax.ident _x.4 _x.10 _x.12 _x.13;
      let _x.15 := "+";
      let _x.16 := Syntax.atom _x.4 _x.15;
      let _x.17 := Lean.instQuoteNatNumLitKind._elam_0 n;
      let _x.18 := Syntax.node3 _x.4 _x.8 _x.14 _x.16 _x.17;
      return _x.18
